Resolving dependencies...
Downloading packages...
  _fe_analyzer_shared 93.0.0 (98.0.0 available)
  analyzer 10.0.1 (12.0.0 available)
  async 2.13.0 (2.13.1 available)
  build 4.0.4 (4.0.5 available)
  build_runner 2.12.2 (2.13.1 available)
  built_value 8.12.4 (8.12.5 available)
  cupertino_icons 1.0.8 (1.0.9 available)
  dart_style 3.1.7 (3.1.8 available)
  flutter_plugin_android_lifecycle 2.0.33 (2.0.34 available)
  flutter_secure_storage 9.2.4 (10.0.0 available)
  flutter_secure_storage_linux 1.2.3 (3.0.0 available)
  flutter_secure_storage_macos 3.1.3 (4.0.0 available)
  flutter_secure_storage_platform_interface 1.1.2 (2.0.1 available)
  flutter_secure_storage_web 1.2.1 (2.1.0 available)
  flutter_secure_storage_windows 3.1.2 (4.1.0 available)
  google_fonts 6.3.3 (8.0.2 available)
  image_picker_android 0.8.13+14 (0.8.13+15 available)
  intl 0.19.0 (0.20.2 available)
  js 0.6.7 (0.7.2 available)
  json_serializable 6.13.0 (6.13.1 available)
  meta 1.17.0 (1.18.2 available)
  native_toolchain_c 0.17.5 (0.17.6 available)
  path_provider_android 2.2.22 (2.2.23 available)
  shared_preferences 2.5.4 (2.5.5 available)
  shared_preferences_android 2.4.21 (2.4.23 available)
  shared_preferences_platform_interface 2.4.1 (2.4.2 available)
  source_gen 4.2.0 (4.2.2 available)
  source_helper 1.3.10 (1.3.11 available)
  test_api 0.7.10 (0.7.11 available)
  vector_math 2.2.0 (2.3.0 available)
  win32 5.15.0 (6.0.0 available)
Got dependencies!
31 packages have newer versions incompatible with dependency constraints.
Try `flutter pub outdated` for more information.
Compiling lib/main.dart for the Web...                          
Wasm dry run findings:
Found incompatibilities with WebAssembly.

package:flutter_secure_storage_web/flutter_secure_storage_web.dart 5:1 - dart:html unsupported (0)
package:flutter_secure_storage_web/flutter_secure_storage_web.dart 6:1 - dart:js_util unsupported (15)
package:flutter_secure_storage_web/src/subtle.dart 21:1 - dart:html unsupported (0)
package:flutter_secure_storage_web/src/subtle.dart 22:1 - dart:js_util unsupported (15)
package:flutter_secure_storage_web/src/subtle.dart 26:1 - package:js/js.dart unsupported (14)

Consider addressing these issues to enable wasm builds. See docs for more info: https://docs.flutter.dev/platform-integration/web/wasm

Use --no-wasm-dry-run to disable these warnings.
Target dart2js failed: ProcessException: Process exited abnormally with exit code 1:
lib/features/clubs/presentation/screens/club_dashboard_screen.dart:414:31:
Error: No named parameter with the name 'teamId'.
                              teamId: team.id,
                              ^^^^^^
lib/features/clubs/presentation/screens/team_management_screen.dart:10:9:
Info: Found this candidate, but the arguments don't match.
  const TeamManagementScreen({
        ^^^^^^^^^^^^^^^^^^^^
lib/features/clubs/data/models/club_dashboard.g.dart:10:18:
Error: Required named parameter 'managers' must be provided.
    ClubDashboard(
                 ^
lib/features/clubs/data/models/club_dashboard.dart:31:3:
Info: Found this candidate, but the arguments don't match.
  ClubDashboard({
  ^^^^^^^^^^^^^
lib/features/clubs/presentation/screens/academy_management_screen.dart:108:50:
Error: No named parameter with the name 'teamId'.
            builder: (_) => TeamManagementScreen(teamId: team.id, clubId: academy.clubId),
                                                 ^^^^^^
lib/features/clubs/presentation/screens/team_management_screen.dart:10:9:
Info: Found this candidate, but the arguments don't match.
  const TeamManagementScreen({
        ^^^^^^^^^^^^^^^^^^^^
lib/features/clubs/presentation/screens/team_management_screen.dart:35:24:
Error: A value of type 'List<PlayerTeam>' can't be returned from an async function with return type 'Future<List<PlayerInfo>>'.
 - 'List' is from 'dart:core'.
 - 'PlayerTeam' is from 'package:mobile/features/teams/data/models/player_team.dart' ('lib/features/teams/data/models/player_team.dart').
 - 'Future' is from 'dart:async'.
 - 'PlayerInfo' is from 'package:mobile/features/clubs/data/models/player_info.dart' ('lib/features/clubs/data/models/player_info.dart').
    return widget.team.players;
                       ^
lib/features/clubs/presentation/screens/team_management_screen.dart:126:32:
Error: The getter 'jerseyNumber' isn't defined for the type 'PlayerTeam'.
 - 'PlayerTeam' is from 'package:mobile/features/teams/data/models/player_team.dart' ('lib/features/teams/data/models/player_team.dart').
            child: Text(player.jerseyNumber?.toString() ?? "?", style: const TextStyle(color: Colors.blue, fontWeight: FontWeight.bold)),
                               ^^^^^^^^^^^^
lib/features/clubs/presentation/screens/team_management_screen.dart:128:30:
Error: The getter 'name' isn't defined for the type 'PlayerTeam'.
 - 'PlayerTeam' is from 'package:mobile/features/teams/data/models/player_team.dart' ('lib/features/teams/data/models/player_team.dart').
          title: Text(player.name, style: const TextStyle(fontWeight: FontWeight.bold)),
                             ^^^^
lib/features/clubs/presentation/screens/team_management_screen.dart:129:33:
Error: The getter 'position' isn't defined for the type 'PlayerTeam'.
 - 'PlayerTeam' is from 'package:mobile/features/teams/data/models/player_team.dart' ('lib/features/teams/data/models/player_team.dart').
          subtitle: Text(player.position ?? "No Position"),
                                ^^^^^^^^
Error: Compilation failed.
  Command: /Users/nurislammeiramov/flutter/bin/cache/dart-sdk/bin/dart compile js --platform-binaries=/Users/nurislammeiramov/flutter/bin/cache/flutter_web_sdk/kernel --invoker=flutter_tool -Ddart.vm.product=true -DFLUTTER_VERSION=3.41.6 -DFLUTTER_CHANNEL=stable -DFLUTTER_GIT_URL=https://github.com/flutter/flutter.git -DFLUTTER_FRAMEWORK_REVISION=db50e20168 -DFLUTTER_ENGINE_REVISION=425cfb54d0 -DFLUTTER_DART_VERSION=3.11.4 -DFLUTTER_WEB_USE_SKIA=true -DFLUTTER_WEB_USE_SKWASM=false -DFLUTTER_WEB_CANVASKIT_URL=https://www.gstatic.com/flutter-canvaskit/425cfb54d01a9472b3e81d9e76fd63a4a44cfbcb/ --native-null-assertions --no-source-maps -O4 --minify -o /Users/nurislammeiramov/diploma/sport-ecosystem/.dart_tool/flutter_build/1a8d61768289d2aa9e01a7a417aa56fb/app.dill --packages=/Users/nurislammeiramov/diploma/sport-ecosystem/.dart_tool/package_config.json --cfe-only /Users/nurislammeiramov/diploma/sport-ecosystem/.dart_tool/flutter_build/1a8d61768289d2aa9e01a7a417aa56fb/main.dart
#0      RunResult.throwException (package:flutter_tools/src/base/process.dart:153:5)
#1      _DefaultProcessUtils.run (package:flutter_tools/src/base/process.dart:379:19)
<asynchronous suspension>
#2      Dart2JSTarget.build (package:flutter_tools/src/build_system/targets/web.dart:208:5)
<asynchronous suspension>
#3      _BuildInstance._invokeInternal (package:flutter_tools/src/build_system/build_system.dart:937:9)
<asynchronous suspension>
#4      Future.wait.<anonymous closure> (dart:async/future.dart:546:21)
<asynchronous suspension>
#5      _BuildInstance.invokeTarget (package:flutter_tools/src/build_system/build_system.dart:875:32)
<asynchronous suspension>
#6      Future.wait.<anonymous closure> (dart:async/future.dart:546:21)
<asynchronous suspension>
#7      _BuildInstance.invokeTarget (package:flutter_tools/src/build_system/build_system.dart:875:32)
<asynchronous suspension>
#8      FlutterBuildSystem.build (package:flutter_tools/src/build_system/build_system.dart:684:16)
<asynchronous suspension>
#9      WebBuilder.buildWeb (package:flutter_tools/src/web/compile.dart:107:34)
<asynchronous suspension>
#10     BuildWebCommand.runCommand (package:flutter_tools/src/commands/build_web.dart:300:5)
<asynchronous suspension>
#11     FlutterCommand.run.<anonymous closure> (package:flutter_tools/src/runner/flutter_command.dart:1590:27)
<asynchronous suspension>
#12     AppContext.run.<anonymous closure> (package:flutter_tools/src/base/context.dart:154:19)
<asynchronous suspension>
#13     CommandRunner.runCommand (package:args/command_runner.dart:212:13)
<asynchronous suspension>
#14     FlutterCommandRunner.runCommand.<anonymous closure> (package:flutter_tools/src/runner/flutter_command_runner.dart:496:9)
<asynchronous suspension>
#15     AppContext.run.<anonymous closure> (package:flutter_tools/src/base/context.dart:154:19)
<asynchronous suspension>
#16     FlutterCommandRunner.runCommand (package:flutter_tools/src/runner/flutter_command_runner.dart:431:5)
<asynchronous suspension>
#17     FlutterCommandRunner.run.<anonymous closure> (package:flutter_tools/src/runner/flutter_command_runner.dart:307:33)
<asynchronous suspension>
#18     run.<anonymous closure>.<anonymous closure> (package:flutter_tools/runner.dart:104:11)
<asynchronous suspension>
#19     AppContext.run.<anonymous closure> (package:flutter_tools/src/base/context.dart:154:19)
<asynchronous suspension>
#20     main (package:flutter_tools/executable.dart:103:3)
<asynchronous suspension>

Compiling lib/main.dart for the Web...                             28,3s
Error: Failed to compile application for the Web.
